components/UIOverlay.tsx(13,26): error TS2307: Cannot find module '../supabaseClient' or its corresponding type declarations.
services/fcmService.ts(2,37): error TS2307: Cannot find module './firebaseConfig' or its corresponding type declarations.
